
Discarded input sections

 .text          0x0000000000000000        0x0 build/main.o
 .data          0x0000000000000000        0x0 build/main.o
 .bss           0x0000000000000000        0x0 build/main.o
 .text          0x0000000000000000        0x0 build/startup_gcc.o
 .data          0x0000000000000000        0x0 build/startup_gcc.o
 .bss           0x0000000000000000        0x0 build/startup_gcc.o

Memory Configuration

Name             Origin             Length             Attributes
FLASH            0x0000000000000000 0x0000000000040000 xr
SRAM             0x0000000020000000 0x0000000000008000 xrw
*default*        0x0000000000000000 0xffffffffffffffff

Linker script and memory map

LOAD build/main.o
LOAD build/startup_gcc.o

.text           0x0000000000000000      0x33a
                0x0000000000000000                _text = .
 *(.isr_vector)
 .isr_vector    0x0000000000000000      0x26c build/startup_gcc.o
                0x0000000000000000                g_pfnVectors
 *(.text*)
 .text.main     0x000000000000026c       0x60 build/main.o
                0x000000000000026c                main
 .text.ResetISR
                0x00000000000002cc       0x5c build/startup_gcc.o
                0x00000000000002cc                ResetISR
 .text.NmiSR    0x0000000000000328        0x6 build/startup_gcc.o
 .text.FaultISR
                0x000000000000032e        0x6 build/startup_gcc.o
 .text.IntDefaultHandler
                0x0000000000000334        0x6 build/startup_gcc.o
 *(.rodata*)
                0x000000000000033a                _etext = .

.glue_7         0x000000000000033c        0x0
 .glue_7        0x000000000000033c        0x0 linker stubs

.glue_7t        0x000000000000033c        0x0
 .glue_7t       0x000000000000033c        0x0 linker stubs

.vfp11_veneer   0x000000000000033c        0x0
 .vfp11_veneer  0x000000000000033c        0x0 linker stubs

.v4_bx          0x000000000000033c        0x0
 .v4_bx         0x000000000000033c        0x0 linker stubs

.iplt           0x000000000000033c        0x0
 .iplt          0x000000000000033c        0x0 build/main.o

.rel.dyn        0x000000000000033c        0x0
 .rel.iplt      0x000000000000033c        0x0 build/main.o

.data           0x0000000020000000        0x0 load address 0x000000000000033a
                0x0000000020000000                _data = .
 *(vtable)
 *(.data*)
                0x0000000020000000                _edata = .

.igot.plt       0x0000000020000000        0x0
 .igot.plt      0x0000000020000000        0x0 build/main.o

.bss            0x0000000020000000      0x100
                0x0000000020000000                _bss = .
 *(.bss*)
 .bss.pulStack  0x0000000020000000      0x100 build/startup_gcc.o
 *(COMMON)
                0x0000000020000100                _ebss = .
OUTPUT(build/demoApp.axf elf32-littlearm)
LOAD linker stubs

.debug_info     0x0000000000000000      0x21b
 .debug_info    0x0000000000000000       0xaa build/main.o
 .debug_info    0x00000000000000aa      0x171 build/startup_gcc.o

.debug_abbrev   0x0000000000000000      0x124
 .debug_abbrev  0x0000000000000000       0x66 build/main.o
 .debug_abbrev  0x0000000000000066       0xbe build/startup_gcc.o

.debug_aranges  0x0000000000000000       0x58
 .debug_aranges
                0x0000000000000000       0x20 build/main.o
 .debug_aranges
                0x0000000000000020       0x38 build/startup_gcc.o

.debug_ranges   0x0000000000000000       0x38
 .debug_ranges  0x0000000000000000       0x10 build/main.o
 .debug_ranges  0x0000000000000010       0x28 build/startup_gcc.o

.debug_line     0x0000000000000000      0x1f1
 .debug_line    0x0000000000000000      0x143 build/main.o
 .debug_line    0x0000000000000143       0xae build/startup_gcc.o

.debug_str      0x0000000000000000      0x1d3
 .debug_str     0x0000000000000000      0x157 build/main.o
                                        0x194 (size before relaxing)
 .debug_str     0x0000000000000157       0x7c build/startup_gcc.o
                                        0x1ea (size before relaxing)

.comment        0x0000000000000000       0x4c
 .comment       0x0000000000000000       0x4c build/main.o
                                         0x4d (size before relaxing)
 .comment       0x000000000000004c       0x4d build/startup_gcc.o

.ARM.attributes
                0x0000000000000000       0x32
 .ARM.attributes
                0x0000000000000000       0x32 build/main.o
 .ARM.attributes
                0x0000000000000032       0x32 build/startup_gcc.o

.debug_frame    0x0000000000000000       0xa8
 .debug_frame   0x0000000000000000       0x2c build/main.o
 .debug_frame   0x000000000000002c       0x7c build/startup_gcc.o
